[web2.uvcs.uvic.ca/courses/elc/studyzone/330/grammar/index.html]
[backblue.gif]
[fade.gif]
[index.html]
[web2.uvcs.uvic.ca/courses/elc/studyzone/css/sz-simple.css]
[web2.uvcs.uvic.ca/courses/elc/studyzone/css/sz-print.css]
[web2.uvcs.uvic.ca/courses/elc/studyzone/js/listmenu.js]
[web2.uvcs.uvic.ca/courses/elc/studyzone/images/logo-uvic.gif]
[web2.uvcs.uvic.ca/courses/elc/studyzone/images/logo-elc.gif]
[web2.uvcs.uvic.ca/courses/elc/studyzone/images/wb-gram.gif]
[web2.uvcs.uvic.ca/courses/elc/studyzone/330/grammar/regcom.html]
[web2.uvcs.uvic.ca/courses/elc/studyzone/330/grammar/regcom1.html]
[web2.uvcs.uvic.ca/courses/elc/studyzone/330/grammar/regcom2.html]
[web2.uvcs.uvic.ca/courses/elc/studyzone/330/grammar/regcom3.html]
[web2.uvcs.uvic.ca/courses/elc/studyzone/330/grammar/regcom4.html]
[web2.uvcs.uvic.ca/courses/elc/studyzone/330/grammar/regcom5.html]
[web2.uvcs.uvic.ca/courses/elc/studyzone/330/grammar/regcom6.html]
[web2.uvcs.uvic.ca/courses/elc/studyzone/330/grammar/poss.html]
[web2.uvcs.uvic.ca/courses/elc/studyzone/330/grammar/poss1.html]
[web2.uvcs.uvic.ca/courses/elc/studyzone/330/grammar/poss2.html]
[web2.uvcs.uvic.ca/courses/elc/studyzone/330/grammar/poss3.html]
[web2.uvcs.uvic.ca/courses/elc/studyzone/330/grammar/reflex.html]
[web2.uvcs.uvic.ca/courses/elc/studyzone/330/grammar/reflex1.html]
[web2.uvcs.uvic.ca/courses/elc/studyzone/330/grammar/impers.html]
[web2.uvcs.uvic.ca/courses/elc/studyzone/330/grammar/impers1.html]
[web2.uvcs.uvic.ca/courses/elc/studyzone/330/grammar/impers2.html]
[web2.uvcs.uvic.ca/courses/elc/studyzone/330/grammar/advman.html]
[web2.uvcs.uvic.ca/courses/elc/studyzone/330/grammar/advman1.html]
[web2.uvcs.uvic.ca/courses/elc/studyzone/330/grammar/advman2.html]
[web2.uvcs.uvic.ca/courses/elc/studyzone/330/grammar/0cond.html]
[web2.uvcs.uvic.ca/courses/elc/studyzone/330/grammar/0cond1.html]
[web2.uvcs.uvic.ca/courses/elc/studyzone/330/grammar/1cond.html]
[web2.uvcs.uvic.ca/courses/elc/studyzone/330/grammar/1cond1.html]
[web2.uvcs.uvic.ca/courses/elc/studyzone/330/grammar/1cond2.html]
[web2.uvcs.uvic.ca/courses/elc/studyzone/330/grammar/coconj.html]
[web2.uvcs.uvic.ca/courses/elc/studyzone/330/grammar/coconj1.html]
[web2.uvcs.uvic.ca/courses/elc/studyzone/330/grammar/subcon.html]
[web2.uvcs.uvic.ca/courses/elc/studyzone/330/grammar/subcon1.html]
[web2.uvcs.uvic.ca/courses/elc/studyzone/330/grammar/subcon2.html]
[web2.uvcs.uvic.ca/courses/elc/studyzone/330/grammar/imperat.html]
[web2.uvcs.uvic.ca/courses/elc/studyzone/330/grammar/imperat1.html]
[web2.uvcs.uvic.ca/courses/elc/studyzone/330/grammar/imperat2.html]
[web2.uvcs.uvic.ca/courses/elc/studyzone/330/grammar/imperat3.html]
[web2.uvcs.uvic.ca/courses/elc/studyzone/330/grammar/330-modals-ability.html]
[web2.uvcs.uvic.ca/courses/elc/studyzone/330/grammar/330-modals-ability1.html]
[web2.uvcs.uvic.ca/courses/elc/studyzone/330/grammar/330-modals-ability2.html]
[web2.uvcs.uvic.ca/courses/elc/studyzone/330/grammar/330-modals-advice.html]
[web2.uvcs.uvic.ca/courses/elc/studyzone/330/grammar/330-modals-advice1.html]
[web2.uvcs.uvic.ca/courses/elc/studyzone/330/grammar/330-modals-advice2.html]
[web2.uvcs.uvic.ca/courses/elc/studyzone/330/grammar/330-modals-necessity.html]
[web2.uvcs.uvic.ca/courses/elc/studyzone/330/grammar/330-modals-necessity1.html]
[web2.uvcs.uvic.ca/courses/elc/studyzone/330/grammar/330-modals-necessity2.html]
[web2.uvcs.uvic.ca/courses/elc/studyzone/330/grammar/330-modals-not.html]
[web2.uvcs.uvic.ca/courses/elc/studyzone/330/grammar/330-modals-not1.html]
[web2.uvcs.uvic.ca/courses/elc/studyzone/330/grammar/330-modals-not2.html]
[web2.uvcs.uvic.ca/courses/elc/studyzone/330/grammar/330-modals-polite.html]
[web2.uvcs.uvic.ca/courses/elc/studyzone/330/grammar/330-modals-polite1.html]
[web2.uvcs.uvic.ca/courses/elc/studyzone/330/grammar/plural.html]
[web2.uvcs.uvic.ca/courses/elc/studyzone/330/grammar/plural1.html]
[web2.uvcs.uvic.ca/courses/elc/studyzone/330/grammar/plural2.html]
[web2.uvcs.uvic.ca/courses/elc/studyzone/330/grammar/irrplu.html]
[web2.uvcs.uvic.ca/courses/elc/studyzone/330/grammar/irrplu1.html]
[web2.uvcs.uvic.ca/courses/elc/studyzone/330/grammar/irrplu2.html]
[web2.uvcs.uvic.ca/courses/elc/studyzone/330/grammar/count.html]
[web2.uvcs.uvic.ca/courses/elc/studyzone/330/grammar/count1.html]
[web2.uvcs.uvic.ca/courses/elc/studyzone/330/grammar/count2.html]
[web2.uvcs.uvic.ca/courses/elc/studyzone/330/grammar/mass.html]
[web2.uvcs.uvic.ca/courses/elc/studyzone/330/grammar/mass1.html]
[web2.uvcs.uvic.ca/courses/elc/studyzone/330/grammar/mass2.html]
[web2.uvcs.uvic.ca/courses/elc/studyzone/330/grammar/parts.html]
[web2.uvcs.uvic.ca/courses/elc/studyzone/330/grammar/parts1.html]
[web2.uvcs.uvic.ca/courses/elc/studyzone/330/grammar/parts2.html]
[web2.uvcs.uvic.ca/courses/elc/studyzone/330/grammar/parts3.html]
[web2.uvcs.uvic.ca/courses/elc/studyzone/330/grammar/comma.html]
[web2.uvcs.uvic.ca/courses/elc/studyzone/330/grammar/comma1.html]
[web2.uvcs.uvic.ca/courses/elc/studyzone/330/grammar/comma2.html]
[web2.uvcs.uvic.ca/courses/elc/studyzone/330/grammar/pres.html]
[web2.uvcs.uvic.ca/courses/elc/studyzone/330/grammar/pres1.html]
[web2.uvcs.uvic.ca/courses/elc/studyzone/330/grammar/pres2.html]
[web2.uvcs.uvic.ca/courses/elc/studyzone/330/grammar/presnq.html]
[web2.uvcs.uvic.ca/courses/elc/studyzone/330/grammar/presnq1.html]
[web2.uvcs.uvic.ca/courses/elc/studyzone/330/grammar/presnq2.html]
[web2.uvcs.uvic.ca/courses/elc/studyzone/330/grammar/presnq3.html]
[web2.uvcs.uvic.ca/courses/elc/studyzone/330/grammar/pcont.html]
[web2.uvcs.uvic.ca/courses/elc/studyzone/330/grammar/pcont1.html]
[web2.uvcs.uvic.ca/courses/elc/studyzone/330/grammar/pcontnq.html]
[web2.uvcs.uvic.ca/courses/elc/studyzone/330/grammar/pcontnq1.html]
[web2.uvcs.uvic.ca/courses/elc/studyzone/330/grammar/pcontnq2.html]
[web2.uvcs.uvic.ca/courses/elc/studyzone/330/grammar/simcon.html]
[web2.uvcs.uvic.ca/courses/elc/studyzone/330/grammar/simcon1.html]
[web2.uvcs.uvic.ca/courses/elc/studyzone/330/grammar/simcon2.html]
[web2.uvcs.uvic.ca/courses/elc/studyzone/330/grammar/prperf.html]
[web2.uvcs.uvic.ca/courses/elc/studyzone/330/grammar/prperf1.html]
[web2.uvcs.uvic.ca/courses/elc/studyzone/330/grammar/prperf2.html]
[web2.uvcs.uvic.ca/courses/elc/studyzone/330/grammar/upperf.html]
[web2.uvcs.uvic.ca/courses/elc/studyzone/330/grammar/upperf1.html]
[web2.uvcs.uvic.ca/courses/elc/studyzone/330/grammar/upperf2.html]
[web2.uvcs.uvic.ca/courses/elc/studyzone/330/grammar/upperf3.html]
[web2.uvcs.uvic.ca/courses/elc/studyzone/330/grammar/pasted.html]
[web2.uvcs.uvic.ca/courses/elc/studyzone/330/grammar/pasted1.html]
[web2.uvcs.uvic.ca/courses/elc/studyzone/330/grammar/pasted2.html]
[web2.uvcs.uvic.ca/courses/elc/studyzone/330/grammar/irpast.html]
[web2.uvcs.uvic.ca/courses/elc/studyzone/330/grammar/irpast1.html]
[web2.uvcs.uvic.ca/courses/elc/studyzone/330/grammar/irpast2.html]
[web2.uvcs.uvic.ca/courses/elc/studyzone/330/grammar/pastnq.html]
[web2.uvcs.uvic.ca/courses/elc/studyzone/330/grammar/pastnq1.html]
[web2.uvcs.uvic.ca/courses/elc/studyzone/330/grammar/pastnq2.html]
[web2.uvcs.uvic.ca/courses/elc/studyzone/330/grammar/pastnq3.html]
[web2.uvcs.uvic.ca/courses/elc/studyzone/330/grammar/pascon.html]
[web2.uvcs.uvic.ca/courses/elc/studyzone/330/grammar/pascon1.html]
[web2.uvcs.uvic.ca/courses/elc/studyzone/330/grammar/fut.html]
[web2.uvcs.uvic.ca/courses/elc/studyzone/330/grammar/fut1.html]
[web2.uvcs.uvic.ca/courses/elc/studyzone/330/grammar/futwil.html]
[web2.uvcs.uvic.ca/courses/elc/studyzone/330/grammar/futwil1.html]
[web2.uvcs.uvic.ca/courses/elc/studyzone/330/grammar/futwil2.html]
[web2.uvcs.uvic.ca/courses/elc/studyzone/330/grammar/gofut.html]
[web2.uvcs.uvic.ca/courses/elc/studyzone/330/grammar/gofut1.html]
[static.addtoany.com/menu/page.js]
[licensebuttons.net/l/by-nc-sa/4.0/80x15.png]
[web2.uvcs.uvic.ca/courses/elc/studyzone/330/grammar/index.html]
[web2.uvcs.uvic.ca/courses/elc/studyzone/images/sz-header.gif]
[web2.uvcs.uvic.ca/courses/elc/studyzone/images/sz-geese.gif]
[web2.uvcs.uvic.ca/courses/elc/studyzone/images/minus.gif]
[web2.uvcs.uvic.ca/courses/elc/studyzone/images/plus.gif]
[web2.uvcs.uvic.ca/courses/elc/studyzone/images/arrow_rt.gif]
[web2.uvcs.uvic.ca/courses/elc/studyzone/images/069toE3-row.gif]
[web2.uvcs.uvic.ca/courses/elc/studyzone/css/sz-simple.css]
[web2.uvcs.uvic.ca/courses/elc/studyzone/css/sz-print.css]
[web2.uvcs.uvic.ca/courses/elc/studyzone/330/grammar/regcom.html]
[web2.uvcs.uvic.ca/courses/elc/studyzone/images/check.gif]
[web2.uvcs.uvic.ca/courses/elc/studyzone/images/ex.gif]
[web2.uvcs.uvic.ca/courses/elc/studyzone/330/grammar/regcom1.html]
[web2.uvcs.uvic.ca/courses/elc/studyzone/images/guys3.gif]
[web2.uvcs.uvic.ca/courses/elc/studyzone/330/grammar/regcom2.html]
[web2.uvcs.uvic.ca/courses/elc/studyzone/330/grammar/regcom3.html]
[web2.uvcs.uvic.ca/courses/elc/studyzone/330/grammar/regcom4.html]
[web2.uvcs.uvic.ca/courses/elc/studyzone/330/grammar/regcom5.html]
[web2.uvcs.uvic.ca/courses/elc/studyzone/330/grammar/index-2.html]
[web2.uvcs.uvic.ca/courses/elc/studyzone/330/grammar/regcom6.html]
[web2.uvcs.uvic.ca/courses/elc/studyzone/330/grammar/poss.html]
[web2.uvcs.uvic.ca/courses/elc/studyzone/330/grammar/poss1.html]
[web2.uvcs.uvic.ca/courses/elc/studyzone/images/vwcar.gif]
[web2.uvcs.uvic.ca/courses/elc/studyzone/330/grammar/poss2.html]
[web2.uvcs.uvic.ca/courses/elc/studyzone/330/grammar/poss3.html]
[web2.uvcs.uvic.ca/courses/elc/studyzone/330/grammar/reflex.html]
[web2.uvcs.uvic.ca/courses/elc/studyzone/330/grammar/reflex1.html]
[web2.uvcs.uvic.ca/courses/elc/studyzone/330/grammar/impers.html]
[web2.uvcs.uvic.ca/courses/elc/studyzone/330/grammar/impers1.html]
[web2.uvcs.uvic.ca/courses/elc/studyzone/images/flowers.gif]
[web2.uvcs.uvic.ca/courses/elc/studyzone/330/grammar/impers2.html]
[web2.uvcs.uvic.ca/courses/elc/studyzone/330/grammar/advman.html]
[web2.uvcs.uvic.ca/courses/elc/studyzone/330/grammar/advman1.html]
[web2.uvcs.uvic.ca/courses/elc/studyzone/330/grammar/advman2.html]
[web2.uvcs.uvic.ca/courses/elc/studyzone/330/grammar/0cond.html]
[web2.uvcs.uvic.ca/courses/elc/studyzone/330/grammar/0cond1.html]
[web2.uvcs.uvic.ca/courses/elc/studyzone/330/grammar/1cond.html]
[web2.uvcs.uvic.ca/courses/elc/studyzone/images/apple.gif]
[web2.uvcs.uvic.ca/courses/elc/studyzone/images/elephant.gif]
[web2.uvcs.uvic.ca/courses/elc/studyzone/images/ms-haircut.gif]
[web2.uvcs.uvic.ca/courses/elc/studyzone/images/flashcar.gif]
[web2.uvcs.uvic.ca/courses/elc/studyzone/images/lamp1.gif]
[web2.uvcs.uvic.ca/courses/elc/studyzone/images/meat.gif]
[web2.uvcs.uvic.ca/courses/elc/studyzone/images/ms-coffeecup-m.gif]
[web2.uvcs.uvic.ca/courses/elc/studyzone/images/study.gif]
[web2.uvcs.uvic.ca/courses/elc/studyzone/images/ms-deer.gif]
[web2.uvcs.uvic.ca/courses/elc/studyzone/images/egg.gif]
[web2.uvcs.uvic.ca/courses/elc/studyzone/330/grammar/1cond1.html]
[web2.uvcs.uvic.ca/courses/elc/studyzone/330/grammar/1cond2.html]
[web2.uvcs.uvic.ca/courses/elc/studyzone/330/grammar/coconj.html]
[web2.uvcs.uvic.ca/courses/elc/studyzone/330/grammar/coconj1.html]
[web2.uvcs.uvic.ca/courses/elc/studyzone/330/grammar/subcon.html]
[web2.uvcs.uvic.ca/courses/elc/studyzone/330/grammar/subcon1.html]
[web2.uvcs.uvic.ca/courses/elc/studyzone/images/ms-rain.gif]
[web2.uvcs.uvic.ca/courses/elc/studyzone/images/ms-apples.gif]
[web2.uvcs.uvic.ca/courses/elc/studyzone/images/ms-sailboat.gif]
[web2.uvcs.uvic.ca/courses/elc/studyzone/images/ms-surfer.gif]
[web2.uvcs.uvic.ca/courses/elc/studyzone/images/ms-bear.gif]
[web2.uvcs.uvic.ca/courses/elc/studyzone/images/ms-deer2.gif]
[web2.uvcs.uvic.ca/courses/elc/studyzone/330/grammar/subcon2.html]
[web2.uvcs.uvic.ca/courses/elc/studyzone/330/grammar/imperat.html]
[web2.uvcs.uvic.ca/courses/elc/studyzone/330/grammar/imperat1.html]
[web2.uvcs.uvic.ca/courses/elc/studyzone/330/grammar/imperat2.html]
[web2.uvcs.uvic.ca/courses/elc/studyzone/330/grammar/imperat3.html]
[web2.uvcs.uvic.ca/courses/elc/studyzone/330/grammar/330-modals-ability.html]
[web2.uvcs.uvic.ca/courses/elc/studyzone/330/grammar/330-modals-ability1.html]
[web2.uvcs.uvic.ca/courses/elc/studyzone/330/grammar/330-modals-ability2.html]
[web2.uvcs.uvic.ca/courses/elc/studyzone/330/grammar/330-modals-advice.html]
[web2.uvcs.uvic.ca/courses/elc/studyzone/330/grammar/330-modals-advice1.html]
[web2.uvcs.uvic.ca/courses/elc/studyzone/330/grammar/330-modals-advice2.html]
[web2.uvcs.uvic.ca/courses/elc/studyzone/330/grammar/330-modals-necessity.html]
[web2.uvcs.uvic.ca/courses/elc/studyzone/330/grammar/330-modals-necessity1.html]
[web2.uvcs.uvic.ca/courses/elc/studyzone/330/grammar/330-modals-necessity2.html]
[web2.uvcs.uvic.ca/courses/elc/studyzone/330/grammar/330-modals-not.html]
[web2.uvcs.uvic.ca/courses/elc/studyzone/330/grammar/330-modals-not1.html]
[web2.uvcs.uvic.ca/courses/elc/studyzone/330/grammar/330-modals-not2.html]
[web2.uvcs.uvic.ca/courses/elc/studyzone/330/grammar/330-modals-polite.html]
[web2.uvcs.uvic.ca/courses/elc/studyzone/330/grammar/330-modals-polite1.html]
[web2.uvcs.uvic.ca/courses/elc/studyzone/330/grammar/plural.html]
[web2.uvcs.uvic.ca/courses/elc/studyzone/330/grammar/plural1.html]
[web2.uvcs.uvic.ca/courses/elc/studyzone/330/grammar/plural2.html]
[web2.uvcs.uvic.ca/courses/elc/studyzone/330/grammar/irrplu.html]
[web2.uvcs.uvic.ca/courses/elc/studyzone/330/grammar/irrplu1.html]
[web2.uvcs.uvic.ca/courses/elc/studyzone/330/grammar/irrplu2.html]
[web2.uvcs.uvic.ca/courses/elc/studyzone/330/grammar/count.html]
[web2.uvcs.uvic.ca/courses/elc/studyzone/330/grammar/count1.html]
[web2.uvcs.uvic.ca/courses/elc/studyzone/330/grammar/count2.html]
[web2.uvcs.uvic.ca/courses/elc/studyzone/images/chocobar.gif]
[web2.uvcs.uvic.ca/courses/elc/studyzone/images/loaves.gif]
[web2.uvcs.uvic.ca/courses/elc/studyzone/330/grammar/mass.html]
[web2.uvcs.uvic.ca/courses/elc/studyzone/images/wine.gif]
[web2.uvcs.uvic.ca/courses/elc/studyzone/images/ms-couch.gif]
[web2.uvcs.uvic.ca/courses/elc/studyzone/images/ms-soupbowl.gif]
[web2.uvcs.uvic.ca/courses/elc/studyzone/images/ms-pop.gif]
[web2.uvcs.uvic.ca/courses/elc/studyzone/images/ms-soccer.gif]
[web2.uvcs.uvic.ca/courses/elc/studyzone/330/grammar/mass1.html]
[web2.uvcs.uvic.ca/courses/elc/studyzone/330/grammar/mass2.html]
[web2.uvcs.uvic.ca/courses/elc/studyzone/330/grammar/parts.html]
[web2.uvcs.uvic.ca/courses/elc/studyzone/330/grammar/parts1.html]
[web2.uvcs.uvic.ca/courses/elc/studyzone/330/grammar/parts2.html]
[web2.uvcs.uvic.ca/courses/elc/studyzone/330/grammar/parts3.html]
[web2.uvcs.uvic.ca/courses/elc/studyzone/330/grammar/comma.html]
[web2.uvcs.uvic.ca/courses/elc/studyzone/330/grammar/comma1.html]
[web2.uvcs.uvic.ca/courses/elc/studyzone/330/grammar/comma2.html]
[web2.uvcs.uvic.ca/courses/elc/studyzone/330/grammar/pres.html]
[web2.uvcs.uvic.ca/courses/elc/studyzone/330/grammar/pres1.html]
[web2.uvcs.uvic.ca/courses/elc/studyzone/images/couple1.gif]
[web2.uvcs.uvic.ca/courses/elc/studyzone/330/grammar/pres2.html]
[web2.uvcs.uvic.ca/courses/elc/studyzone/330/grammar/presnq.html]
[web2.uvcs.uvic.ca/courses/elc/studyzone/images/snowbord.gif]
[web2.uvcs.uvic.ca/courses/elc/studyzone/images/mosquito.gif]
[web2.uvcs.uvic.ca/courses/elc/studyzone/330/grammar/presnq1.html]
[web2.uvcs.uvic.ca/courses/elc/studyzone/images/goalie.gif]
[web2.uvcs.uvic.ca/courses/elc/studyzone/images/sheep.gif]
[web2.uvcs.uvic.ca/courses/elc/studyzone/images/teepee1.gif]
[web2.uvcs.uvic.ca/courses/elc/studyzone/images/prof.gif]
[web2.uvcs.uvic.ca/courses/elc/studyzone/images/ms-hercoffee.gif]
[web2.uvcs.uvic.ca/courses/elc/studyzone/330/grammar/presnq2.html]
[web2.uvcs.uvic.ca/courses/elc/studyzone/images/elcback.gif]
[web2.uvcs.uvic.ca/courses/elc/studyzone/images/ms-raccoon.gif]
[web2.uvcs.uvic.ca/courses/elc/studyzone/images/sugar.gif]
[web2.uvcs.uvic.ca/courses/elc/studyzone/images/fox.gif]
[web2.uvcs.uvic.ca/courses/elc/studyzone/330/grammar/presnq3.html]
[web2.uvcs.uvic.ca/courses/elc/studyzone/330/grammar/pcont.html]
[web2.uvcs.uvic.ca/courses/elc/studyzone/images/faceflft.gif]
[web2.uvcs.uvic.ca/courses/elc/studyzone/images/surfer.gif]
[web2.uvcs.uvic.ca/courses/elc/studyzone/images/ms-train.gif]
[web2.uvcs.uvic.ca/courses/elc/studyzone/images/ms-trainwait.gif]
[web2.uvcs.uvic.ca/courses/elc/studyzone/images/talk.gif]
[web2.uvcs.uvic.ca/courses/elc/studyzone/images/diary1.gif]
[web2.uvcs.uvic.ca/courses/elc/studyzone/330/grammar/pcont1.html]
[web2.uvcs.uvic.ca/courses/elc/studyzone/330/grammar/pcontnq.html]
[web2.uvcs.uvic.ca/courses/elc/studyzone/330/grammar/pcontnq1.html]
[web2.uvcs.uvic.ca/courses/elc/studyzone/images/bike.gif]
[web2.uvcs.uvic.ca/courses/elc/studyzone/images/bluebaln.gif]
[web2.uvcs.uvic.ca/courses/elc/studyzone/images/ms-busstop.gif]
[web2.uvcs.uvic.ca/courses/elc/studyzone/images/walk.gif]
[web2.uvcs.uvic.ca/courses/elc/studyzone/images/ms-ship.gif]
[web2.uvcs.uvic.ca/courses/elc/studyzone/images/bacon.gif]
[web2.uvcs.uvic.ca/courses/elc/studyzone/330/grammar/pcontnq2.html]
[web2.uvcs.uvic.ca/courses/elc/studyzone/330/grammar/simcon.html]
[web2.uvcs.uvic.ca/courses/elc/studyzone/330/grammar/simcon1.html]
[web2.uvcs.uvic.ca/courses/elc/studyzone/images/camping1.gif]
[web2.uvcs.uvic.ca/courses/elc/studyzone/330/grammar/simcon2.html]
[web2.uvcs.uvic.ca/courses/elc/studyzone/330/grammar/prperf.html]
[web2.uvcs.uvic.ca/courses/elc/studyzone/images/ship.gif]
[web2.uvcs.uvic.ca/courses/elc/studyzone/images/pizza.gif]
[web2.uvcs.uvic.ca/courses/elc/studyzone/images/books.gif]
[web2.uvcs.uvic.ca/courses/elc/studyzone/images/eagle1.gif]
[web2.uvcs.uvic.ca/courses/elc/studyzone/images/video1.gif]
[web2.uvcs.uvic.ca/courses/elc/studyzone/330/grammar/prperf1.html]
[web2.uvcs.uvic.ca/courses/elc/studyzone/images/ms-apple.gif]
[web2.uvcs.uvic.ca/courses/elc/studyzone/images/ms-soup.gif]
[web2.uvcs.uvic.ca/courses/elc/studyzone/images/ms-pencil.gif]
[web2.uvcs.uvic.ca/courses/elc/studyzone/330/grammar/prperf2.html]
[web2.uvcs.uvic.ca/courses/elc/studyzone/330/grammar/upperf.html]
[web2.uvcs.uvic.ca/courses/elc/studyzone/images/singer.gif]
[web2.uvcs.uvic.ca/courses/elc/studyzone/images/ms-beaver.gif]
[web2.uvcs.uvic.ca/courses/elc/studyzone/images/ms-cougar.gif]
[web2.uvcs.uvic.ca/courses/elc/studyzone/images/2dollars.gif]
[web2.uvcs.uvic.ca/courses/elc/studyzone/images/wedding1.gif]
[web2.uvcs.uvic.ca/courses/elc/studyzone/330/grammar/upperf1.html]
[web2.uvcs.uvic.ca/courses/elc/studyzone/images/dolphin.gif]
[web2.uvcs.uvic.ca/courses/elc/studyzone/images/binder1.gif]
[web2.uvcs.uvic.ca/courses/elc/studyzone/images/ship2.gif]
[web2.uvcs.uvic.ca/courses/elc/studyzone/images/tvset.gif]
[web2.uvcs.uvic.ca/courses/elc/studyzone/images/cry.gif]
[web2.uvcs.uvic.ca/courses/elc/studyzone/images/ms-shorts.gif]
[web2.uvcs.uvic.ca/courses/elc/studyzone/images/shoes1.gif]
[web2.uvcs.uvic.ca/courses/elc/studyzone/images/jug1.gif]
[web2.uvcs.uvic.ca/courses/elc/studyzone/330/grammar/upperf2.html]
[web2.uvcs.uvic.ca/courses/elc/studyzone/330/grammar/upperf3.html]
[web2.uvcs.uvic.ca/courses/elc/studyzone/330/grammar/pasted.html]
[web2.uvcs.uvic.ca/courses/elc/studyzone/330/grammar/pasted1.html]
[web2.uvcs.uvic.ca/courses/elc/studyzone/images/ms-wheelchair.gif]
[web2.uvcs.uvic.ca/courses/elc/studyzone/330/grammar/pasted2.html]
[web2.uvcs.uvic.ca/courses/elc/studyzone/330/grammar/irpast.html]
[web2.uvcs.uvic.ca/courses/elc/studyzone/330/grammar/irpast1.html]
[web2.uvcs.uvic.ca/courses/elc/studyzone/images/empaint.gif]
[web2.uvcs.uvic.ca/courses/elc/studyzone/330/grammar/irpast2.html]
[web2.uvcs.uvic.ca/courses/elc/studyzone/330/grammar/pastnq.html]
[web2.uvcs.uvic.ca/courses/elc/studyzone/images/pot.gif]
[web2.uvcs.uvic.ca/courses/elc/studyzone/images/beach.gif]
[web2.uvcs.uvic.ca/courses/elc/studyzone/330/grammar/pastnq1.html]
[web2.uvcs.uvic.ca/courses/elc/studyzone/images/couple.gif]
[web2.uvcs.uvic.ca/courses/elc/studyzone/330/grammar/pastnq2.html]
[web2.uvcs.uvic.ca/courses/elc/studyzone/images/ms-fox2.gif]
[web2.uvcs.uvic.ca/courses/elc/studyzone/330/grammar/pastnq3.html]
[web2.uvcs.uvic.ca/courses/elc/studyzone/images/g330-pascon-reading.gif]
[web2.uvcs.uvic.ca/courses/elc/studyzone/images/g330-pascon-raining.gif]
[web2.uvcs.uvic.ca/courses/elc/studyzone/images/g330-pascon-sleeping.gif]
[web2.uvcs.uvic.ca/courses/elc/studyzone/330/grammar/pascon.html]
[web2.uvcs.uvic.ca/courses/elc/studyzone/images/g330-pascon1-snowing1.gif]
[web2.uvcs.uvic.ca/courses/elc/studyzone/images/g330-pascon1-sleeping2.gif]
[web2.uvcs.uvic.ca/courses/elc/studyzone/images/g330-pascon1-eating3.gif]
[web2.uvcs.uvic.ca/courses/elc/studyzone/images/g330-pascon1-cleaning4.gif]
[web2.uvcs.uvic.ca/courses/elc/studyzone/images/g330-pascon1-waiting5.gif]
[web2.uvcs.uvic.ca/courses/elc/studyzone/images/g330-pascon1-cooking6.gif]
[web2.uvcs.uvic.ca/courses/elc/studyzone/330/grammar/pascon1.html]
[web2.uvcs.uvic.ca/courses/elc/studyzone/330/grammar/fut.html]
[web2.uvcs.uvic.ca/courses/elc/studyzone/330/grammar/fut1.html]
[web2.uvcs.uvic.ca/courses/elc/studyzone/330/grammar/futwil.html]
[web2.uvcs.uvic.ca/courses/elc/studyzone/330/grammar/futwil1.html]
[web2.uvcs.uvic.ca/courses/elc/studyzone/330/grammar/futwil2.html]
[web2.uvcs.uvic.ca/courses/elc/studyzone/330/grammar/gofut.html]
[web2.uvcs.uvic.ca/courses/elc/studyzone/images/ms-pen.gif]
[web2.uvcs.uvic.ca/courses/elc/studyzone/330/grammar/gofut1.html]
[web2.uvcs.uvic.ca/courses/elc/studyzone/330/grammar/index-2.html]
